[frenify.net/envato/frenify/html/resumo/1/index.html]
[backblue.gif]
[fade.gif]
[index.html]
[frenify.net/envato/frenify/html/resumo/1/css/base7dd3.css]
[frenify.net/envato/frenify/html/resumo/1/css/owl-carousel7dd3.css]
[frenify.net/envato/frenify/html/resumo/1/css/style7dd3.css]
[frenify.net/envato/frenify/html/resumo/1/img/signature.png]
[frenify.net/envato/frenify/html/resumo/1/img/cv.jpg]
[frenify.net/envato/frenify/html/resumo/1/svg/inbox.svg]
[frenify.net/envato/frenify/html/resumo/1/svg/arrow.svg]
[frenify.net/envato/frenify/html/resumo/1/img/thumb/square.jpg]
[frenify.net/envato/frenify/html/resumo/1/img/portfolio/1.jpg]
[frenify.net/envato/frenify/html/resumo/1/img/portfolio/2.jpg]
[frenify.net/envato/frenify/html/resumo/1/img/portfolio/3.jpg]
[frenify.net/envato/frenify/html/resumo/1/img/portfolio/4.jpg]
[frenify.net/envato/frenify/html/resumo/1/img/portfolio/5.jpg]
[frenify.net/envato/frenify/html/resumo/1/img/partners/1.png]
[frenify.net/envato/frenify/html/resumo/1/img/partners/2.png]
[frenify.net/envato/frenify/html/resumo/1/img/partners/3.png]
[frenify.net/envato/frenify/html/resumo/1/img/partners/4.png]
[frenify.net/envato/frenify/html/resumo/1/img/partners/5.png]
[frenify.net/envato/frenify/html/resumo/1/img/partners/6.png]
[frenify.net/envato/frenify/html/resumo/1/img/partners/7.png]
[frenify.net/envato/frenify/html/resumo/1/img/partners/8.png]
[frenify.net/envato/frenify/html/resumo/1/img/blog/1.jpg]
[frenify.net/envato/frenify/html/resumo/1/img/blog/2.jpg]
[frenify.net/envato/frenify/html/resumo/1/img/blog/3.jpg]
[frenify.net/envato/frenify/html/resumo/1/img/blog/4.jpg]
[frenify.net/envato/frenify/html/resumo/1/img/blog/5.jpg]
[frenify.net/envato/frenify/html/resumo/1/img/blog/6.jpg]
[frenify.net/envato/frenify/html/resumo/1/img/right.jpg]
[frenify.net/envato/frenify/html/resumo/1/svg/social/twitter.svg]
[frenify.net/envato/frenify/html/resumo/1/svg/social/facebook.svg]
[frenify.net/envato/frenify/html/resumo/1/svg/social/instagram.svg]
[frenify.net/envato/frenify/html/resumo/1/svg/social/pinterest.svg]
[frenify.net/envato/frenify/html/resumo/1/svg/social/behance.svg]
[frenify.net/cdn-cgi/scripts/5c5dd728/cloudflare-static/email-decode.min.js]
[frenify.net/envato/frenify/html/resumo/1/js/jquery7dd3.js]
[frenify.net/envato/frenify/html/resumo/1/js/typed7dd3.js]
[frenify.net/envato/frenify/html/resumo/1/js/owl-carousel7dd3.js]
[frenify.net/envato/frenify/html/resumo/1/js/waypoints7dd3.js]
[frenify.net/envato/frenify/html/resumo/1/js/nicescroll7dd3.js]
[frenify.net/envato/frenify/html/resumo/1/js/init7dd3.js]
[frenify.net/envato/frenify/html/resumo/1/index.html]
[frenify.net/envato/frenify/html/resumo/1/css/base7dd3.css]
[frenify.net/envato/frenify/html/resumo/1/css/owl.video.play.png]
[frenify.net/envato/frenify/html/resumo/1/css/owl-carousel7dd3.css]
[frenify.net/envato/frenify/html/resumo/1/css/style7dd3.css]
[frenify.net/envato/frenify/html/resumo/1/svg/inbox.svg]
[frenify.net/envato/frenify/html/resumo/1/svg/arrow.svg]
[frenify.net/envato/frenify/html/resumo/1/svg/social/twitter.svg]
[frenify.net/envato/frenify/html/resumo/1/svg/social/facebook.svg]
[frenify.net/envato/frenify/html/resumo/1/svg/social/instagram.svg]
[frenify.net/envato/frenify/html/resumo/1/svg/social/pinterest.svg]
[frenify.net/envato/frenify/html/resumo/1/svg/social/behance.svg]
[frenify.net/envato/frenify/html/resumo/1/js/jquery7dd3.js]
[frenify.net/envato/frenify/html/resumo/1/js/typed7dd3.js]
[frenify.net/envato/frenify/html/resumo/1/js/owl-carousel7dd3.js]
[frenify.net/envato/frenify/html/resumo/1/js/waypoints7dd3.js]
[frenify.net/envato/frenify/html/resumo/1/js/nicescroll7dd3.js]
[frenify.net/envato/frenify/html/resumo/1/js/init7dd3.js]
[frenify.net/envato/frenify/html/resumo/1/css/owl.video.play.html]
[frenify.net/envato/frenify/html/resumo/1/modal/contact.html]
[frenify.net/envato/frenify/html/resumo/1/modal/contact.html]
